\BOOKMARK [0][-]{section*.1}{\376\377\000T\000a\000b\000l\000e\000\040\000o\000f\000\040\000C\000o\000n\000t\000e\000n\000t\000s}{}% 1
\BOOKMARK [0][-]{chapter.0}{\376\377\000P\000r\000e\000f\000a\000c\000e}{}% 2
\BOOKMARK [1][-]{section.0.1}{\376\377\000D\000o\000c\000u\000m\000e\000n\000t\000\040\000C\000o\000n\000t\000r\000o\000l}{chapter.0}% 3
\BOOKMARK [2][-]{subsection.0.1.1}{\376\377\000R\000e\000v\000i\000s\000i\000o\000n\000\040\000H\000i\000s\000t\000o\000r\000y}{section.0.1}% 4
\BOOKMARK [2][-]{subsection.0.1.2}{\376\377\000D\000i\000s\000t\000r\000i\000b\000u\000t\000i\000o\000n\000\040\000L\000i\000s\000t}{section.0.1}% 5
\BOOKMARK [1][-]{section.0.2}{\376\377\000A\000u\000t\000h\000o\000r\000s\000h\000i\000p\000\040\000a\000n\000d\000\040\000A\000p\000p\000r\000o\000v\000a\000l}{chapter.0}% 6
\BOOKMARK [2][-]{subsection.0.2.1}{\376\377\000S\000i\000g\000n\000a\000t\000u\000r\000e\000s\000\040\000o\000f\000\040\000A\000p\000p\000r\000o\000v\000a\000l}{section.0.2}% 7
\BOOKMARK [1][-]{section.0.3}{\376\377\000C\000o\000p\000y\000r\000i\000g\000h\000t\000\040\000a\000n\000d\000\040\000P\000r\000o\000p\000r\000i\000e\000t\000a\000r\000y\000\040\000I\000n\000f\000o\000r\000m\000a\000t\000i\000o\000n}{chapter.0}% 8
\BOOKMARK [2][-]{subsection.0.3.1}{\376\377\000C\000o\000p\000y\000r\000i\000g\000h\000t\000\040\000S\000t\000a\000t\000e\000m\000e\000n\000t}{section.0.3}% 9
\BOOKMARK [2][-]{subsection.0.3.2}{\376\377\000P\000r\000o\000p\000r\000i\000e\000t\000a\000r\000y\000\040\000N\000o\000t\000i\000c\000e\000s}{section.0.3}% 10
\BOOKMARK [2][-]{subsection.0.3.3}{\376\377\000E\000x\000p\000o\000r\000t\000\040\000C\000o\000n\000t\000r\000o\000l\000\040\000C\000l\000a\000s\000s\000i\000f\000i\000c\000a\000t\000i\000o\000n}{section.0.3}% 11
\BOOKMARK [2][-]{subsection.0.3.4}{\376\377\000C\000o\000n\000f\000i\000d\000e\000n\000t\000i\000a\000l\000i\000t\000y\000\040\000L\000e\000v\000e\000l}{section.0.3}% 12
\BOOKMARK [1][-]{section.0.4}{\376\377\000H\000o\000w\000\040\000t\000o\000\040\000U\000s\000e\000\040\000T\000h\000i\000s\000\040\000D\000o\000c\000u\000m\000e\000n\000t}{chapter.0}% 13
\BOOKMARK [2][-]{subsection.0.4.1}{\376\377\000D\000o\000c\000u\000m\000e\000n\000t\000\040\000O\000r\000g\000a\000n\000i\000z\000a\000t\000i\000o\000n}{section.0.4}% 14
\BOOKMARK [2][-]{subsection.0.4.2}{\376\377\000N\000a\000v\000i\000g\000a\000t\000i\000o\000n\000\040\000A\000i\000d\000s}{section.0.4}% 15
\BOOKMARK [2][-]{subsection.0.4.3}{\376\377\000C\000o\000n\000v\000e\000n\000t\000i\000o\000n\000s\000\040\000U\000s\000e\000d}{section.0.4}% 16
\BOOKMARK [2][-]{subsection.0.4.4}{\376\377\000R\000e\000l\000a\000t\000e\000d\000\040\000D\000o\000c\000u\000m\000e\000n\000t\000a\000t\000i\000o\000n}{section.0.4}% 17
\BOOKMARK [1][-]{section.0.5}{\376\377\000R\000e\000v\000i\000s\000i\000o\000n\000\040\000P\000o\000l\000i\000c\000y}{chapter.0}% 18
\BOOKMARK [2][-]{subsection.0.5.1}{\376\377\000P\000r\000o\000c\000e\000s\000s\000\040\000f\000o\000r\000\040\000R\000e\000q\000u\000e\000s\000t\000i\000n\000g\000\040\000C\000h\000a\000n\000g\000e\000s}{section.0.5}% 19
\BOOKMARK [2][-]{subsection.0.5.2}{\376\377\000U\000p\000d\000a\000t\000e\000\040\000F\000r\000e\000q\000u\000e\000n\000c\000y}{section.0.5}% 20
\BOOKMARK [2][-]{subsection.0.5.3}{\376\377\000D\000i\000s\000t\000r\000i\000b\000u\000t\000i\000o\000n\000\040\000o\000f\000\040\000U\000p\000d\000a\000t\000e\000s}{section.0.5}% 21
\BOOKMARK [2][-]{subsection.0.5.4}{\376\377\000C\000o\000n\000f\000i\000g\000u\000r\000a\000t\000i\000o\000n\000\040\000M\000a\000n\000a\000g\000e\000m\000e\000n\000t}{section.0.5}% 22
\BOOKMARK [1][-]{section.0.6}{\376\377\000C\000o\000n\000t\000a\000c\000t\000\040\000I\000n\000f\000o\000r\000m\000a\000t\000i\000o\000n}{chapter.0}% 23
\BOOKMARK [2][-]{subsection.0.6.1}{\376\377\000T\000e\000c\000h\000n\000i\000c\000a\000l\000\040\000S\000u\000p\000p\000o\000r\000t}{section.0.6}% 24
\BOOKMARK [2][-]{subsection.0.6.2}{\376\377\000F\000e\000e\000d\000b\000a\000c\000k\000\040\000S\000u\000b\000m\000i\000s\000s\000i\000o\000n}{section.0.6}% 25
\BOOKMARK [2][-]{subsection.0.6.3}{\376\377\000E\000m\000e\000r\000g\000e\000n\000c\000y\000\040\000C\000o\000n\000t\000a\000c\000t\000s}{section.0.6}% 26
\BOOKMARK [1][-]{section.0.7}{\376\377\000L\000i\000s\000t\000\040\000o\000f\000\040\000E\000f\000f\000e\000c\000t\000i\000v\000e\000\040\000P\000a\000g\000e\000s}{chapter.0}% 27
\BOOKMARK [1][-]{section.0.8}{\376\377\000D\000o\000c\000u\000m\000e\000n\000t\000\040\000S\000c\000o\000p\000e}{chapter.0}% 28
\BOOKMARK [2][-]{subsection.0.8.1}{\376\377\000C\000o\000v\000e\000r\000a\000g\000e}{section.0.8}% 29
\BOOKMARK [2][-]{subsection.0.8.2}{\376\377\000E\000x\000c\000l\000u\000s\000i\000o\000n\000s}{section.0.8}% 30
\BOOKMARK [2][-]{subsection.0.8.3}{\376\377\000T\000a\000r\000g\000e\000t\000\040\000A\000u\000d\000i\000e\000n\000c\000e}{section.0.8}% 31
\BOOKMARK [0][-]{chapter.1}{\376\377\000G\000e\000n\000e\000r\000a\000l\000\040\000I\000n\000f\000o\000r\000m\000a\000t\000i\000o\000n}{}% 32
\BOOKMARK [1][-]{section.1.1}{\376\377\000P\000u\000r\000p\000o\000s\000e\000\040\000o\000f\000\040\000t\000h\000e\000\040\000E\000q\000u\000i\000p\000m\000e\000n\000t}{chapter.1}% 33
\BOOKMARK [1][-]{section.1.2}{\376\377\000G\000e\000n\000e\000r\000a\000l\000\040\000D\000e\000s\000c\000r\000i\000p\000t\000i\000o\000n\000\040\000a\000n\000d\000\040\000O\000p\000e\000r\000a\000t\000i\000n\000g\000\040\000P\000r\000i\000n\000c\000i\000p\000l\000e\000s}{chapter.1}% 34
\BOOKMARK [2][-]{subsection.1.2.1}{\376\377\000S\000y\000s\000t\000e\000m\000\040\000O\000v\000e\000r\000v\000i\000e\000w}{section.1.2}% 35
\BOOKMARK [2][-]{subsection.1.2.2}{\376\377\000O\000p\000e\000r\000a\000t\000i\000n\000g\000\040\000M\000o\000d\000e\000s}{section.1.2}% 36
\BOOKMARK [2][-]{subsection.1.2.3}{\376\377\000B\000a\000s\000i\000c\000\040\000O\000p\000e\000r\000a\000t\000i\000o\000n}{section.1.2}% 37
\BOOKMARK [2][-]{subsection.1.2.4}{\376\377\000S\000e\000l\000f\000-\000T\000e\000s\000t\000\040\000P\000r\000o\000c\000e\000d\000u\000r\000e}{section.1.2}% 38
\BOOKMARK [1][-]{section.1.3}{\376\377\000B\000a\000s\000i\000c\000\040\000T\000e\000c\000h\000n\000i\000c\000a\000l\000\040\000D\000a\000t\000a\000\040\000a\000n\000d\000\040\000P\000a\000r\000a\000m\000e\000t\000e\000r\000s}{chapter.1}% 39
\BOOKMARK [1][-]{section.1.4}{\376\377\000O\000p\000e\000r\000a\000t\000i\000o\000n\000a\000l\000\040\000L\000i\000m\000i\000t\000a\000t\000i\000o\000n\000s}{chapter.1}% 40
\BOOKMARK [1][-]{section.1.5}{\376\377\000C\000o\000m\000p\000l\000i\000a\000n\000c\000e\000\040\000w\000i\000t\000h\000\040\000R\000e\000g\000u\000l\000a\000t\000i\000o\000n\000s\000\040\000a\000n\000d\000\040\000S\000t\000a\000n\000d\000a\000r\000d\000s}{chapter.1}% 41
\BOOKMARK [1][-]{section.1.6}{\376\377\000D\000e\000f\000i\000n\000i\000t\000i\000o\000n\000s\000,\000\040\000A\000b\000b\000r\000e\000v\000i\000a\000t\000i\000o\000n\000s\000\040\000a\000n\000d\000\040\000S\000y\000m\000b\000o\000l\000s}{chapter.1}% 42
\BOOKMARK [0][-]{chapter.2}{\376\377\000C\000o\000n\000s\000t\000r\000u\000c\000t\000i\000o\000n\000\040\000a\000n\000d\000\040\000T\000e\000c\000h\000n\000i\000c\000a\000l\000\040\000C\000h\000a\000r\000a\000c\000t\000e\000r\000i\000s\000t\000i\000c\000s}{}% 43
\BOOKMARK [1][-]{section.2.1}{\376\377\000E\000q\000u\000i\000p\000m\000e\000n\000t\000\040\000D\000e\000s\000i\000g\000n}{chapter.2}% 44
\BOOKMARK [2][-]{subsection.2.1.1}{\376\377\000P\000h\000y\000s\000i\000c\000a\000l\000\040\000C\000o\000n\000s\000t\000r\000u\000c\000t\000i\000o\000n}{section.2.1}% 45
\BOOKMARK [1][-]{section.2.2}{\376\377\000C\000o\000m\000p\000o\000n\000e\000n\000t\000s\000\040\000a\000n\000d\000\040\000F\000u\000n\000c\000t\000i\000o\000n\000a\000l\000\040\000M\000o\000d\000u\000l\000e\000s}{chapter.2}% 46
\BOOKMARK [2][-]{subsection.2.2.1}{\376\377\000M\000a\000i\000n\000\040\000C\000o\000n\000t\000r\000o\000l\000l\000e\000r\000\040\000M\000o\000d\000u\000l\000e}{section.2.2}% 47
\BOOKMARK [2][-]{subsection.2.2.2}{\376\377\000P\000o\000w\000e\000r\000\040\000M\000o\000n\000i\000t\000o\000r\000i\000n\000g\000\040\000M\000o\000d\000u\000l\000e}{section.2.2}% 48
\BOOKMARK [2][-]{subsection.2.2.3}{\376\377\000I\000/\000O\000\040\000E\000x\000p\000a\000n\000s\000i\000o\000n\000\040\000M\000o\000d\000u\000l\000e}{section.2.2}% 49
\BOOKMARK [2][-]{subsection.2.2.4}{\376\377\000S\000t\000a\000t\000u\000s\000\040\000I\000n\000d\000i\000c\000a\000t\000i\000o\000n\000\040\000M\000o\000d\000u\000l\000e}{section.2.2}% 50
\BOOKMARK [2][-]{subsection.2.2.5}{\376\377\000N\000o\000n\000-\000v\000o\000l\000a\000t\000i\000l\000e\000\040\000S\000t\000o\000r\000a\000g\000e\000\040\000M\000o\000d\000u\000l\000e}{section.2.2}% 51
\BOOKMARK [1][-]{section.2.3}{\376\377\000E\000l\000e\000c\000t\000r\000i\000c\000a\000l\000\040\000a\000n\000d\000\040\000E\000l\000e\000c\000t\000r\000o\000n\000i\000c\000\040\000S\000c\000h\000e\000m\000a\000t\000i\000c\000s}{chapter.2}% 52
\BOOKMARK [2][-]{subsection.2.3.1}{\376\377\000C\000o\000n\000t\000r\000o\000l\000\040\000C\000h\000a\000n\000n\000e\000l\000\040\000C\000i\000r\000c\000u\000i\000t\000r\000y}{section.2.3}% 53
\BOOKMARK [1][-]{section.2.4}{\376\377\000I\000n\000t\000e\000r\000f\000a\000c\000e\000s\000\040\000a\000n\000d\000\040\000C\000o\000n\000n\000e\000c\000t\000o\000r\000s}{chapter.2}% 54
\BOOKMARK [2][-]{subsection.2.4.1}{\376\377\000P\000o\000w\000e\000r\000\040\000I\000n\000p\000u\000t}{section.2.4}% 55
\BOOKMARK [2][-]{subsection.2.4.2}{\376\377\000A\000c\000t\000u\000a\000t\000o\000r\000\040\000C\000o\000n\000n\000e\000c\000t\000i\000o\000n\000s}{section.2.4}% 56
\BOOKMARK [2][-]{subsection.2.4.3}{\376\377\000C\000o\000m\000m\000u\000n\000i\000c\000a\000t\000i\000o\000n\000\040\000I\000n\000t\000e\000r\000f\000a\000c\000e}{section.2.4}% 57
\BOOKMARK [1][-]{section.2.5}{\376\377\000S\000y\000s\000t\000e\000m\000\040\000S\000o\000f\000t\000w\000a\000r\000e}{chapter.2}% 58
\BOOKMARK [2][-]{subsection.2.5.1}{\376\377\000B\000o\000o\000t\000l\000o\000a\000d\000e\000r}{section.2.5}% 59
\BOOKMARK [2][-]{subsection.2.5.2}{\376\377\000H\000a\000r\000d\000w\000a\000r\000e\000\040\000A\000b\000s\000t\000r\000a\000c\000t\000i\000o\000n\000\040\000L\000a\000y\000e\000r}{section.2.5}% 60
\BOOKMARK [2][-]{subsection.2.5.3}{\376\377\000D\000e\000v\000i\000c\000e\000\040\000D\000r\000i\000v\000e\000r\000s}{section.2.5}% 61
\BOOKMARK [2][-]{subsection.2.5.4}{\376\377\000A\000p\000p\000l\000i\000c\000a\000t\000i\000o\000n\000\040\000L\000o\000g\000i\000c}{section.2.5}% 62
\BOOKMARK [1][-]{section.2.6}{\376\377\000D\000i\000m\000e\000n\000s\000i\000o\000n\000s\000\040\000a\000n\000d\000\040\000W\000e\000i\000g\000h\000t}{chapter.2}% 63
\BOOKMARK [2][-]{subsection.2.6.1}{\376\377\000C\000o\000n\000t\000r\000o\000l\000\040\000U\000n\000i\000t\000\040\000D\000i\000m\000e\000n\000s\000i\000o\000n\000s}{section.2.6}% 64
\BOOKMARK [2][-]{subsection.2.6.2}{\376\377\000W\000e\000i\000g\000h\000t}{section.2.6}% 65
\BOOKMARK [2][-]{subsection.2.6.3}{\376\377\000M\000o\000u\000n\000t\000i\000n\000g\000\040\000R\000e\000q\000u\000i\000r\000e\000m\000e\000n\000t\000s}{section.2.6}% 66
\BOOKMARK [0][-]{chapter.3}{\376\377\000E\000q\000u\000i\000p\000m\000e\000n\000t\000\040\000I\000n\000s\000t\000a\000l\000l\000a\000t\000i\000o\000n}{}% 67
\BOOKMARK [1][-]{section.3.1}{\376\377\000P\000r\000e\000-\000i\000n\000s\000t\000a\000l\000l\000a\000t\000i\000o\000n\000\040\000R\000e\000q\000u\000i\000r\000e\000m\000e\000n\000t\000s}{chapter.3}% 68
\BOOKMARK [2][-]{subsection.3.1.1}{\376\377\000E\000n\000v\000i\000r\000o\000n\000m\000e\000n\000t\000a\000l\000\040\000R\000e\000q\000u\000i\000r\000e\000m\000e\000n\000t\000s}{section.3.1}% 69
\BOOKMARK [2][-]{subsection.3.1.2}{\376\377\000R\000e\000q\000u\000i\000r\000e\000d\000\040\000T\000o\000o\000l\000s\000\040\000a\000n\000d\000\040\000E\000q\000u\000i\000p\000m\000e\000n\000t}{section.3.1}% 70
\BOOKMARK [2][-]{subsection.3.1.3}{\376\377\000A\000i\000r\000c\000r\000a\000f\000t\000\040\000P\000r\000e\000p\000a\000r\000a\000t\000i\000o\000n}{section.3.1}% 71
\BOOKMARK [1][-]{section.3.2}{\376\377\000M\000e\000c\000h\000a\000n\000i\000c\000a\000l\000\040\000I\000n\000s\000t\000a\000l\000l\000a\000t\000i\000o\000n\000\040\000P\000r\000o\000c\000e\000d\000u\000r\000e}{chapter.3}% 72
\BOOKMARK [2][-]{subsection.3.2.1}{\376\377\000M\000o\000u\000n\000t\000i\000n\000g\000\040\000L\000o\000c\000a\000t\000i\000o\000n\000\040\000S\000e\000l\000e\000c\000t\000i\000o\000n}{section.3.2}% 73
\BOOKMARK [2][-]{subsection.3.2.2}{\376\377\000C\000o\000n\000t\000r\000o\000l\000\040\000U\000n\000i\000t\000\040\000M\000o\000u\000n\000t\000i\000n\000g}{section.3.2}% 74
\BOOKMARK [2][-]{subsection.3.2.3}{\376\377\000A\000c\000t\000u\000a\000t\000o\000r\000\040\000I\000n\000s\000t\000a\000l\000l\000a\000t\000i\000o\000n}{section.3.2}% 75
\BOOKMARK [1][-]{section.3.3}{\376\377\000E\000l\000e\000c\000t\000r\000i\000c\000a\000l\000\040\000C\000o\000n\000n\000e\000c\000t\000i\000o\000n\000s}{chapter.3}% 76
\BOOKMARK [2][-]{subsection.3.3.1}{\376\377\000P\000o\000w\000e\000r\000\040\000S\000u\000p\000p\000l\000y\000\040\000C\000o\000n\000n\000e\000c\000t\000i\000o\000n}{section.3.3}% 77
\BOOKMARK [2][-]{subsection.3.3.2}{\376\377\000A\000c\000t\000u\000a\000t\000o\000r\000\040\000W\000i\000r\000i\000n\000g}{section.3.3}% 78
\BOOKMARK [2][-]{subsection.3.3.3}{\376\377\000S\000w\000i\000t\000c\000h\000\040\000I\000n\000s\000t\000a\000l\000l\000a\000t\000i\000o\000n}{section.3.3}% 79
\BOOKMARK [2][-]{subsection.3.3.4}{\376\377\000C\000o\000m\000m\000u\000n\000i\000c\000a\000t\000i\000o\000n\000\040\000I\000n\000t\000e\000r\000f\000a\000c\000e}{section.3.3}% 80
\BOOKMARK [1][-]{section.3.4}{\376\377\000I\000n\000i\000t\000i\000a\000l\000\040\000C\000o\000n\000f\000i\000g\000u\000r\000a\000t\000i\000o\000n}{chapter.3}% 81
\BOOKMARK [2][-]{subsection.3.4.1}{\376\377\000P\000C\000\040\000A\000p\000p\000l\000i\000c\000a\000t\000i\000o\000n\000\040\000I\000n\000s\000t\000a\000l\000l\000a\000t\000i\000o\000n}{section.3.4}% 82
\BOOKMARK [2][-]{subsection.3.4.2}{\376\377\000C\000o\000n\000t\000r\000o\000l\000\040\000C\000h\000a\000n\000n\000e\000l\000\040\000C\000o\000n\000f\000i\000g\000u\000r\000a\000t\000i\000o\000n}{section.3.4}% 83
\BOOKMARK [2][-]{subsection.3.4.3}{\376\377\000L\000E\000D\000\040\000I\000n\000d\000i\000c\000a\000t\000o\000r\000\040\000C\000o\000n\000f\000i\000g\000u\000r\000a\000t\000i\000o\000n}{section.3.4}% 84
\BOOKMARK [1][-]{section.3.5}{\376\377\000P\000o\000s\000t\000-\000i\000n\000s\000t\000a\000l\000l\000a\000t\000i\000o\000n\000\040\000T\000e\000s\000t\000s}{chapter.3}% 85
\BOOKMARK [2][-]{subsection.3.5.1}{\376\377\000P\000o\000w\000e\000r\000\040\000S\000y\000s\000t\000e\000m\000\040\000T\000e\000s\000t}{section.3.5}% 86
\BOOKMARK [2][-]{subsection.3.5.2}{\376\377\000F\000u\000n\000c\000t\000i\000o\000n\000a\000l\000\040\000T\000e\000s\000t}{section.3.5}% 87
\BOOKMARK [2][-]{subsection.3.5.3}{\376\377\000S\000a\000f\000e\000t\000y\000\040\000I\000n\000t\000e\000r\000l\000o\000c\000k\000\040\000T\000e\000s\000t}{section.3.5}% 88
\BOOKMARK [1][-]{section.3.6}{\376\377\000C\000o\000m\000m\000o\000n\000\040\000I\000n\000s\000t\000a\000l\000l\000a\000t\000i\000o\000n\000\040\000I\000s\000s\000u\000e\000s\000\040\000a\000n\000d\000\040\000S\000o\000l\000u\000t\000i\000o\000n\000s}{chapter.3}% 89
\BOOKMARK [0][-]{chapter.4}{\376\377\000O\000p\000e\000r\000a\000t\000i\000o\000n}{}% 90
\BOOKMARK [1][-]{section.4.1}{\376\377\000S\000t\000a\000r\000t\000-\000u\000p\000\040\000a\000n\000d\000\040\000S\000h\000u\000t\000d\000o\000w\000n\000\040\000P\000r\000o\000c\000e\000d\000u\000r\000e\000s}{chapter.4}% 91
\BOOKMARK [2][-]{subsection.4.1.1}{\376\377\000N\000o\000r\000m\000a\000l\000\040\000S\000t\000a\000r\000t\000-\000u\000p\000\040\000P\000r\000o\000c\000e\000d\000u\000r\000e}{section.4.1}% 92
\BOOKMARK [2][-]{subsection.4.1.2}{\376\377\000E\000m\000e\000r\000g\000e\000n\000c\000y\000\040\000S\000t\000a\000r\000t\000-\000u\000p\000\040\000P\000r\000o\000c\000e\000d\000u\000r\000e}{section.4.1}% 93
\BOOKMARK [2][-]{subsection.4.1.3}{\376\377\000S\000h\000u\000t\000d\000o\000w\000n\000\040\000P\000r\000o\000c\000e\000d\000u\000r\000e}{section.4.1}% 94
\BOOKMARK [1][-]{section.4.2}{\376\377\000C\000o\000n\000t\000r\000o\000l\000\040\000P\000a\000n\000e\000l\000\040\000a\000n\000d\000\040\000U\000s\000e\000r\000\040\000I\000n\000t\000e\000r\000f\000a\000c\000e}{chapter.4}% 95
\BOOKMARK [2][-]{subsection.4.2.1}{\376\377\000C\000o\000n\000t\000r\000o\000l\000\040\000P\000a\000n\000e\000l\000\040\000L\000a\000y\000o\000u\000t}{section.4.2}% 96
\BOOKMARK [2][-]{subsection.4.2.2}{\376\377\000S\000t\000a\000t\000u\000s\000\040\000I\000n\000d\000i\000c\000a\000t\000o\000r\000\040\000L\000E\000D\000s}{section.4.2}% 97
\BOOKMARK [2][-]{subsection.4.2.3}{\376\377\000S\000w\000i\000t\000c\000h\000\040\000O\000p\000e\000r\000a\000t\000i\000o\000n}{section.4.2}% 98
\BOOKMARK [1][-]{section.4.3}{\376\377\000O\000p\000e\000r\000a\000t\000i\000n\000g\000\040\000M\000o\000d\000e\000s}{chapter.4}% 99
\BOOKMARK [2][-]{subsection.4.3.1}{\376\377\000L\000a\000n\000d\000\040\000M\000o\000d\000e}{section.4.3}% 100
\BOOKMARK [2][-]{subsection.4.3.2}{\376\377\000W\000a\000t\000e\000r\000\040\000M\000o\000d\000e}{section.4.3}% 101
\BOOKMARK [2][-]{subsection.4.3.3}{\376\377\000W\000a\000t\000e\000r\000\040\000M\000a\000n\000e\000u\000v\000e\000r\000i\000n\000g\000\040\000M\000o\000d\000e}{section.4.3}% 102
\BOOKMARK [1][-]{section.4.4}{\376\377\000S\000t\000a\000t\000u\000s\000\040\000I\000n\000d\000i\000c\000a\000t\000i\000o\000n\000s\000\040\000a\000n\000d\000\040\000E\000r\000r\000o\000r\000\040\000M\000e\000s\000s\000a\000g\000e\000s}{chapter.4}% 103
\BOOKMARK [2][-]{subsection.4.4.1}{\376\377\000N\000o\000r\000m\000a\000l\000\040\000S\000t\000a\000t\000u\000s\000\040\000I\000n\000d\000i\000c\000a\000t\000i\000o\000n\000s}{section.4.4}% 104
\BOOKMARK [2][-]{subsection.4.4.2}{\376\377\000W\000a\000r\000n\000i\000n\000g\000\040\000I\000n\000d\000i\000c\000a\000t\000i\000o\000n\000s}{section.4.4}% 105
\BOOKMARK [2][-]{subsection.4.4.3}{\376\377\000E\000r\000r\000o\000r\000\040\000I\000n\000d\000i\000c\000a\000t\000i\000o\000n\000s}{section.4.4}% 106
\BOOKMARK [1][-]{section.4.5}{\376\377\000I\000n\000-\000f\000l\000i\000g\000h\000t\000\040\000O\000p\000e\000r\000a\000t\000i\000n\000g\000\040\000P\000r\000o\000c\000e\000d\000u\000r\000e\000s}{chapter.4}% 107
\BOOKMARK [2][-]{subsection.4.5.1}{\376\377\000P\000r\000e\000-\000t\000a\000k\000e\000o\000f\000f\000\040\000P\000r\000o\000c\000e\000d\000u\000r\000e\000s}{section.4.5}% 108
\BOOKMARK [2][-]{subsection.4.5.2}{\376\377\000I\000n\000-\000f\000l\000i\000g\000h\000t\000\040\000G\000e\000a\000r\000/\000R\000u\000d\000d\000e\000r\000\040\000T\000r\000a\000n\000s\000i\000t\000i\000o\000n}{section.4.5}% 109
\BOOKMARK [2][-]{subsection.4.5.3}{\376\377\000P\000r\000e\000-\000l\000a\000n\000d\000i\000n\000g\000\040\000P\000r\000o\000c\000e\000d\000u\000r\000e\000s}{section.4.5}% 110
\BOOKMARK [1][-]{section.4.6}{\376\377\000E\000m\000e\000r\000g\000e\000n\000c\000y\000\040\000P\000r\000o\000c\000e\000d\000u\000r\000e\000s}{chapter.4}% 111
\BOOKMARK [2][-]{subsection.4.6.1}{\376\377\000P\000a\000r\000t\000i\000a\000l\000\040\000G\000e\000a\000r\000\040\000E\000x\000t\000e\000n\000s\000i\000o\000n\000/\000R\000e\000t\000r\000a\000c\000t\000i\000o\000n}{section.4.6}% 112
\BOOKMARK [2][-]{subsection.4.6.2}{\376\377\000C\000o\000m\000p\000l\000e\000t\000e\000\040\000S\000y\000s\000t\000e\000m\000\040\000F\000a\000i\000l\000u\000r\000e}{section.4.6}% 113
\BOOKMARK [2][-]{subsection.4.6.3}{\376\377\000A\000b\000n\000o\000r\000m\000a\000l\000\040\000L\000E\000D\000\040\000I\000n\000d\000i\000c\000a\000t\000i\000o\000n\000s}{section.4.6}% 114
\BOOKMARK [0][-]{chapter.5}{\376\377\000I\000n\000t\000e\000g\000r\000a\000t\000i\000o\000n\000\040\000w\000i\000t\000h\000\040\000O\000t\000h\000e\000r\000\040\000S\000y\000s\000t\000e\000m\000s}{}% 115
\BOOKMARK [1][-]{section.5.1}{\376\377\000C\000o\000m\000p\000a\000t\000i\000b\000i\000l\000i\000t\000y\000\040\000w\000i\000t\000h\000\040\000A\000i\000r\000c\000r\000a\000f\000t\000\040\000P\000l\000a\000t\000f\000o\000r\000m\000s}{chapter.5}% 116
\BOOKMARK [2][-]{subsection.5.1.1}{\376\377\000S\000u\000p\000p\000o\000r\000t\000e\000d\000\040\000A\000i\000r\000c\000r\000a\000f\000t\000\040\000T\000y\000p\000e\000s}{section.5.1}% 117
\BOOKMARK [2][-]{subsection.5.1.2}{\376\377\000I\000n\000t\000e\000g\000r\000a\000t\000i\000o\000n\000\040\000R\000e\000q\000u\000i\000r\000e\000m\000e\000n\000t\000s}{section.5.1}% 118
\BOOKMARK [1][-]{section.5.2}{\376\377\000I\000n\000t\000e\000r\000a\000c\000t\000i\000o\000n\000\040\000w\000i\000t\000h\000\040\000A\000v\000i\000o\000n\000i\000c\000s\000\040\000S\000y\000s\000t\000e\000m\000s}{chapter.5}% 119
\BOOKMARK [2][-]{subsection.5.2.1}{\376\377\000P\000o\000s\000i\000t\000i\000o\000n\000\040\000I\000n\000d\000i\000c\000a\000t\000i\000o\000n}{section.5.2}% 120
\BOOKMARK [2][-]{subsection.5.2.2}{\376\377\000I\000n\000t\000e\000r\000l\000o\000c\000k\000\040\000C\000a\000p\000a\000b\000i\000l\000i\000t\000i\000e\000s}{section.5.2}% 121
\BOOKMARK [1][-]{section.5.3}{\376\377\000C\000o\000m\000m\000u\000n\000i\000c\000a\000t\000i\000o\000n\000\040\000P\000r\000o\000t\000o\000c\000o\000l\000s}{chapter.5}% 122
\BOOKMARK [2][-]{subsection.5.3.1}{\376\377\000U\000A\000R\000T\000\040\000P\000r\000o\000t\000o\000c\000o\000l}{section.5.3}% 123
\BOOKMARK [2][-]{subsection.5.3.2}{\376\377\000I\0002\000C\000\040\000P\000r\000o\000t\000o\000c\000o\000l}{section.5.3}% 124
\BOOKMARK [2][-]{subsection.5.3.3}{\376\377\000E\000x\000t\000e\000r\000n\000a\000l\000\040\000I\000n\000t\000e\000r\000f\000a\000c\000e\000\040\000P\000r\000o\000t\000o\000c\000o\000l}{section.5.3}% 125
\BOOKMARK [1][-]{section.5.4}{\376\377\000D\000a\000t\000a\000\040\000E\000x\000c\000h\000a\000n\000g\000e}{chapter.5}% 126
\BOOKMARK [2][-]{subsection.5.4.1}{\376\377\000C\000o\000n\000f\000i\000g\000u\000r\000a\000t\000i\000o\000n\000\040\000D\000a\000t\000a}{section.5.4}% 127
\BOOKMARK [2][-]{subsection.5.4.2}{\376\377\000D\000i\000a\000g\000n\000o\000s\000t\000i\000c\000\040\000D\000a\000t\000a}{section.5.4}% 128
\BOOKMARK [1][-]{section.5.5}{\376\377\000R\000e\000d\000u\000n\000d\000a\000n\000c\000y\000\040\000a\000n\000d\000\040\000S\000a\000f\000e\000g\000u\000a\000r\000d\000s}{chapter.5}% 129
\BOOKMARK [2][-]{subsection.5.5.1}{\376\377\000R\000e\000d\000u\000n\000d\000a\000n\000t\000\040\000S\000e\000n\000s\000o\000r\000s}{section.5.5}% 130
\BOOKMARK [2][-]{subsection.5.5.2}{\376\377\000F\000a\000i\000l\000u\000r\000e\000\040\000D\000e\000t\000e\000c\000t\000i\000o\000n}{section.5.5}% 131
\BOOKMARK [2][-]{subsection.5.5.3}{\376\377\000F\000a\000i\000l\000s\000a\000f\000e\000\040\000O\000p\000e\000r\000a\000t\000i\000o\000n}{section.5.5}% 132
\BOOKMARK [2][-]{subsection.5.5.4}{\376\377\000R\000e\000c\000o\000v\000e\000r\000y\000\040\000M\000e\000c\000h\000a\000n\000i\000s\000m\000s}{section.5.5}% 133
\BOOKMARK [0][-]{chapter.6}{\376\377\000T\000e\000c\000h\000n\000i\000c\000a\000l\000\040\000M\000a\000i\000n\000t\000e\000n\000a\000n\000c\000e\000\040\000a\000n\000d\000\040\000S\000e\000r\000v\000i\000c\000i\000n\000g}{}% 134
\BOOKMARK [1][-]{section.6.1}{\376\377\000R\000o\000u\000t\000i\000n\000e\000\040\000M\000a\000i\000n\000t\000e\000n\000a\000n\000c\000e\000\040\000S\000c\000h\000e\000d\000u\000l\000e}{chapter.6}% 135
\BOOKMARK [1][-]{section.6.2}{\376\377\000R\000o\000u\000t\000i\000n\000e\000\040\000I\000n\000s\000p\000e\000c\000t\000i\000o\000n\000\040\000P\000r\000o\000c\000e\000d\000u\000r\000e\000s}{chapter.6}% 136
\BOOKMARK [2][-]{subsection.6.2.1}{\376\377\000V\000i\000s\000u\000a\000l\000\040\000I\000n\000s\000p\000e\000c\000t\000i\000o\000n}{section.6.2}% 137
\BOOKMARK [2][-]{subsection.6.2.2}{\376\377\000S\000y\000s\000t\000e\000m\000\040\000S\000e\000l\000f\000-\000T\000e\000s\000t}{section.6.2}% 138
\BOOKMARK [1][-]{section.6.3}{\376\377\000H\000a\000r\000d\000w\000a\000r\000e\000\040\000D\000i\000a\000g\000n\000o\000s\000t\000i\000c\000s}{chapter.6}% 139
\BOOKMARK [2][-]{subsection.6.3.1}{\376\377\000I\0002\000C\000\040\000D\000e\000v\000i\000c\000e\000\040\000S\000c\000a\000n\000n\000i\000n\000g}{section.6.3}% 140
\BOOKMARK [2][-]{subsection.6.3.2}{\376\377\000R\000e\000l\000a\000y\000\040\000T\000e\000s\000t\000i\000n\000g}{section.6.3}% 141
\BOOKMARK [2][-]{subsection.6.3.3}{\376\377\000V\000o\000l\000t\000a\000g\000e\000\040\000a\000n\000d\000\040\000C\000u\000r\000r\000e\000n\000t\000\040\000M\000o\000n\000i\000t\000o\000r\000i\000n\000g}{section.6.3}% 142
\BOOKMARK [1][-]{section.6.4}{\376\377\000C\000a\000l\000i\000b\000r\000a\000t\000i\000o\000n\000\040\000P\000r\000o\000c\000e\000d\000u\000r\000e\000s}{chapter.6}% 143
\BOOKMARK [2][-]{subsection.6.4.1}{\376\377\000C\000u\000r\000r\000e\000n\000t\000\040\000S\000e\000n\000s\000o\000r\000\040\000C\000a\000l\000i\000b\000r\000a\000t\000i\000o\000n}{section.6.4}% 144
\BOOKMARK [2][-]{subsection.6.4.2}{\376\377\000L\000i\000m\000i\000t\000\040\000S\000w\000i\000t\000c\000h\000\040\000V\000e\000r\000i\000f\000i\000c\000a\000t\000i\000o\000n}{section.6.4}% 145
\BOOKMARK [1][-]{section.6.5}{\376\377\000T\000r\000o\000u\000b\000l\000e\000s\000h\000o\000o\000t\000i\000n\000g}{chapter.6}% 146
\BOOKMARK [2][-]{subsection.6.5.1}{\376\377\000L\000E\000D\000\040\000E\000r\000r\000o\000r\000\040\000I\000n\000d\000i\000c\000a\000t\000i\000o\000n\000s}{section.6.5}% 147
\BOOKMARK [2][-]{subsection.6.5.2}{\376\377\000C\000o\000m\000m\000o\000n\000\040\000I\000s\000s\000u\000e\000s\000\040\000a\000n\000d\000\040\000S\000o\000l\000u\000t\000i\000o\000n\000s}{section.6.5}% 148
\BOOKMARK [1][-]{section.6.6}{\376\377\000F\000i\000r\000m\000w\000a\000r\000e\000\040\000U\000p\000d\000a\000t\000e\000\040\000P\000r\000o\000c\000e\000d\000u\000r\000e}{chapter.6}% 149
\BOOKMARK [1][-]{section.6.7}{\376\377\000C\000o\000m\000p\000o\000n\000e\000n\000t\000\040\000R\000e\000p\000l\000a\000c\000e\000m\000e\000n\000t}{chapter.6}% 150
\BOOKMARK [2][-]{subsection.6.7.1}{\376\377\000C\000o\000n\000t\000r\000o\000l\000\040\000U\000n\000i\000t\000\040\000R\000e\000p\000l\000a\000c\000e\000m\000e\000n\000t}{section.6.7}% 151
\BOOKMARK [2][-]{subsection.6.7.2}{\376\377\000C\000o\000n\000f\000i\000g\000u\000r\000a\000t\000i\000o\000n\000\040\000B\000a\000c\000k\000u\000p\000\040\000a\000n\000d\000\040\000R\000e\000s\000t\000o\000r\000e}{section.6.7}% 152
\BOOKMARK [1][-]{section.6.8}{\376\377\000P\000r\000e\000v\000e\000n\000t\000i\000v\000e\000\040\000M\000a\000i\000n\000t\000e\000n\000a\000n\000c\000e}{chapter.6}% 153
\BOOKMARK [2][-]{subsection.6.8.1}{\376\377\000E\000n\000v\000i\000r\000o\000n\000m\000e\000n\000t\000a\000l\000\040\000P\000r\000o\000t\000e\000c\000t\000i\000o\000n}{section.6.8}% 154
\BOOKMARK [2][-]{subsection.6.8.2}{\376\377\000O\000p\000e\000r\000a\000t\000i\000o\000n\000a\000l\000\040\000H\000o\000u\000r\000s\000\040\000T\000r\000a\000c\000k\000i\000n\000g}{section.6.8}% 155
\BOOKMARK [1][-]{section.6.9}{\376\377\000S\000e\000r\000v\000i\000c\000e\000\040\000T\000o\000o\000l\000s\000\040\000a\000n\000d\000\040\000E\000q\000u\000i\000p\000m\000e\000n\000t}{chapter.6}% 156
\BOOKMARK [1][-]{section.6.10}{\376\377\000R\000e\000t\000u\000r\000n\000i\000n\000g\000\040\000t\000o\000\040\000S\000e\000r\000v\000i\000c\000e}{chapter.6}% 157
\BOOKMARK [0][-]{chapter.7}{\376\377\000T\000r\000o\000u\000b\000l\000e\000s\000h\000o\000o\000t\000i\000n\000g\000\040\000a\000n\000d\000\040\000D\000i\000a\000g\000n\000o\000s\000t\000i\000c\000s}{}% 158
\BOOKMARK [1][-]{section.7.1}{\376\377\000B\000u\000i\000l\000t\000-\000I\000n\000\040\000T\000e\000s\000t\000\040\000E\000q\000u\000i\000p\000m\000e\000n\000t\000\040\000\050\000B\000I\000T\000E\000\051}{chapter.7}% 159
\BOOKMARK [2][-]{subsection.7.1.1}{\376\377\000S\000e\000l\000f\000-\000T\000e\000s\000t\000\040\000F\000u\000n\000c\000t\000i\000o\000n\000a\000l\000i\000t\000y}{section.7.1}% 160
\BOOKMARK [2][-]{subsection.7.1.2}{\376\377\000I\000n\000i\000t\000i\000a\000t\000i\000n\000g\000\040\000M\000a\000n\000u\000a\000l\000\040\000B\000I\000T\000E\000\040\000T\000e\000s\000t\000s}{section.7.1}% 161
\BOOKMARK [2][-]{subsection.7.1.3}{\376\377\000I\000n\000t\000e\000r\000p\000r\000e\000t\000i\000n\000g\000\040\000B\000I\000T\000E\000\040\000R\000e\000s\000u\000l\000t\000s}{section.7.1}% 162
\BOOKMARK [1][-]{section.7.2}{\376\377\000E\000r\000r\000o\000r\000\040\000C\000o\000d\000e\000s\000\040\000a\000n\000d\000\040\000T\000h\000e\000i\000r\000\040\000I\000n\000t\000e\000r\000p\000r\000e\000t\000a\000t\000i\000o\000n}{chapter.7}% 163
\BOOKMARK [2][-]{subsection.7.2.1}{\376\377\000E\000r\000r\000o\000r\000\040\000C\000o\000d\000e\000\040\000S\000t\000r\000u\000c\000t\000u\000r\000e}{section.7.2}% 164
\BOOKMARK [2][-]{subsection.7.2.2}{\376\377\000S\000u\000b\000s\000y\000s\000t\000e\000m\000\040\000I\000d\000e\000n\000t\000i\000f\000i\000e\000r\000s}{section.7.2}% 165
\BOOKMARK [2][-]{subsection.7.2.3}{\376\377\000C\000o\000m\000m\000o\000n\000\040\000E\000r\000r\000o\000r\000\040\000C\000o\000d\000e\000s}{section.7.2}% 166
\BOOKMARK [2][-]{subsection.7.2.4}{\376\377\000L\000E\000D\000\040\000B\000l\000i\000n\000k\000\040\000P\000a\000t\000t\000e\000r\000n\000s}{section.7.2}% 167
\BOOKMARK [1][-]{section.7.3}{\376\377\000D\000i\000a\000g\000n\000o\000s\000t\000i\000c\000\040\000P\000r\000o\000c\000e\000d\000u\000r\000e\000s}{chapter.7}% 168
\BOOKMARK [2][-]{subsection.7.3.1}{\376\377\000I\000n\000i\000t\000i\000a\000l\000\040\000A\000s\000s\000e\000s\000s\000m\000e\000n\000t}{section.7.3}% 169
\BOOKMARK [2][-]{subsection.7.3.2}{\376\377\000C\000o\000n\000n\000e\000c\000t\000i\000o\000n\000\040\000t\000o\000\040\000D\000i\000a\000g\000n\000o\000s\000t\000i\000c\000\040\000I\000n\000t\000e\000r\000f\000a\000c\000e}{section.7.3}% 170
\BOOKMARK [2][-]{subsection.7.3.3}{\376\377\000S\000y\000s\000t\000e\000m\000a\000t\000i\000c\000\040\000F\000a\000u\000l\000t\000\040\000I\000s\000o\000l\000a\000t\000i\000o\000n}{section.7.3}% 171
\BOOKMARK [2][-]{subsection.7.3.4}{\376\377\000S\000y\000s\000t\000e\000m\000\040\000R\000e\000s\000e\000t\000\040\000P\000r\000o\000c\000e\000d\000u\000r\000e}{section.7.3}% 172
\BOOKMARK [2][-]{subsection.7.3.5}{\376\377\000C\000o\000n\000f\000i\000g\000u\000r\000a\000t\000i\000o\000n\000\040\000V\000e\000r\000i\000f\000i\000c\000a\000t\000i\000o\000n}{section.7.3}% 173
\BOOKMARK [1][-]{section.7.4}{\376\377\000A\000n\000a\000l\000y\000s\000i\000s\000\040\000o\000f\000\040\000C\000o\000m\000m\000o\000n\000\040\000M\000a\000l\000f\000u\000n\000c\000t\000i\000o\000n\000s}{chapter.7}% 174
\BOOKMARK [2][-]{subsection.7.4.1}{\376\377\000G\000e\000a\000r\000\040\000M\000o\000v\000e\000m\000e\000n\000t\000\040\000I\000s\000s\000u\000e\000s}{section.7.4}% 175
\BOOKMARK [2][-]{subsection.7.4.2}{\376\377\000I\000n\000d\000i\000c\000a\000t\000o\000r\000\040\000I\000s\000s\000u\000e\000s}{section.7.4}% 176
\BOOKMARK [2][-]{subsection.7.4.3}{\376\377\000C\000o\000m\000m\000u\000n\000i\000c\000a\000t\000i\000o\000n\000\040\000I\000s\000s\000u\000e\000s}{section.7.4}% 177
\BOOKMARK [2][-]{subsection.7.4.4}{\376\377\000C\000o\000n\000f\000i\000g\000u\000r\000a\000t\000i\000o\000n\000\040\000a\000n\000d\000\040\000M\000e\000m\000o\000r\000y\000\040\000I\000s\000s\000u\000e\000s}{section.7.4}% 178
\BOOKMARK [1][-]{section.7.5}{\376\377\000D\000i\000a\000g\000n\000o\000s\000t\000i\000c\000\040\000T\000o\000o\000l\000s}{chapter.7}% 179
\BOOKMARK [2][-]{subsection.7.5.1}{\376\377\000P\000C\000\040\000A\000p\000p\000l\000i\000c\000a\000t\000i\000o\000n\000\040\000D\000i\000a\000g\000n\000o\000s\000t\000i\000c\000\040\000T\000o\000o\000l\000s}{section.7.5}% 180
\BOOKMARK [2][-]{subsection.7.5.2}{\376\377\000R\000e\000q\000u\000i\000r\000e\000d\000\040\000T\000e\000s\000t\000\040\000E\000q\000u\000i\000p\000m\000e\000n\000t}{section.7.5}% 181
\BOOKMARK [2][-]{subsection.7.5.3}{\376\377\000S\000o\000f\000t\000w\000a\000r\000e\000\040\000T\000o\000o\000l\000s}{section.7.5}% 182
\BOOKMARK [2][-]{subsection.7.5.4}{\376\377\000H\000a\000r\000d\000w\000a\000r\000e\000\040\000D\000i\000a\000g\000n\000o\000s\000t\000i\000c\000\040\000P\000o\000r\000t}{section.7.5}% 183
\BOOKMARK [1][-]{section.7.6}{\376\377\000F\000a\000u\000l\000t\000\040\000R\000e\000c\000t\000i\000f\000i\000c\000a\000t\000i\000o\000n\000\040\000P\000r\000o\000c\000e\000s\000s}{chapter.7}% 184
\BOOKMARK [2][-]{subsection.7.6.1}{\376\377\000F\000a\000u\000l\000t\000\040\000I\000d\000e\000n\000t\000i\000f\000i\000c\000a\000t\000i\000o\000n\000\040\000P\000r\000o\000c\000e\000s\000s}{section.7.6}% 185
\BOOKMARK [2][-]{subsection.7.6.2}{\376\377\000R\000e\000p\000a\000i\000r\000\040\000A\000u\000t\000h\000o\000r\000i\000z\000a\000t\000i\000o\000n\000\040\000L\000e\000v\000e\000l\000s}{section.7.6}% 186
\BOOKMARK [2][-]{subsection.7.6.3}{\376\377\000C\000o\000m\000p\000o\000n\000e\000n\000t\000\040\000R\000e\000p\000l\000a\000c\000e\000m\000e\000n\000t\000\040\000G\000u\000i\000d\000e\000l\000i\000n\000e\000s}{section.7.6}% 187
\BOOKMARK [2][-]{subsection.7.6.4}{\376\377\000S\000o\000f\000t\000w\000a\000r\000e\000\040\000R\000e\000c\000o\000v\000e\000r\000y\000\040\000P\000r\000o\000c\000e\000d\000u\000r\000e\000s}{section.7.6}% 188
\BOOKMARK [2][-]{subsection.7.6.5}{\376\377\000P\000o\000s\000t\000-\000R\000e\000p\000a\000i\000r\000\040\000V\000e\000r\000i\000f\000i\000c\000a\000t\000i\000o\000n}{section.7.6}% 189
\BOOKMARK [2][-]{subsection.7.6.6}{\376\377\000R\000e\000c\000u\000r\000r\000i\000n\000g\000\040\000F\000a\000u\000l\000t\000\040\000A\000n\000a\000l\000y\000s\000i\000s}{section.7.6}% 190
\BOOKMARK [0][-]{chapter.8}{\376\377\000C\000e\000r\000t\000i\000f\000i\000c\000a\000t\000i\000o\000n\000\040\000a\000n\000d\000\040\000C\000o\000m\000p\000l\000i\000a\000n\000c\000e}{}% 191
\BOOKMARK [1][-]{section.8.1}{\376\377\000T\000y\000p\000e\000\040\000C\000e\000r\000t\000i\000f\000i\000c\000a\000t\000i\000o\000n\000\040\000\050\000T\000C\000/\000S\000T\000C\000\051}{chapter.8}% 192
\BOOKMARK [2][-]{subsection.8.1.1}{\376\377\000C\000e\000r\000t\000i\000f\000i\000c\000a\000t\000i\000o\000n\000\040\000B\000a\000s\000i\000s}{section.8.1}% 193
\BOOKMARK [2][-]{subsection.8.1.2}{\376\377\000S\000T\000C\000\040\000I\000n\000f\000o\000r\000m\000a\000t\000i\000o\000n}{section.8.1}% 194
\BOOKMARK [2][-]{subsection.8.1.3}{\376\377\000A\000p\000p\000r\000o\000v\000e\000d\000\040\000A\000i\000r\000c\000r\000a\000f\000t\000\040\000M\000o\000d\000e\000l\000s}{section.8.1}% 195
\BOOKMARK [2][-]{subsection.8.1.4}{\376\377\000I\000n\000s\000t\000a\000l\000l\000a\000t\000i\000o\000n\000\040\000E\000l\000i\000g\000i\000b\000i\000l\000i\000t\000y}{section.8.1}% 196
\BOOKMARK [1][-]{section.8.2}{\376\377\000A\000i\000r\000w\000o\000r\000t\000h\000i\000n\000e\000s\000s\000\040\000C\000e\000r\000t\000i\000f\000i\000c\000a\000t\000e\000s}{chapter.8}% 197
\BOOKMARK [2][-]{subsection.8.2.1}{\376\377\000S\000y\000s\000t\000e\000m\000\040\000A\000i\000r\000w\000o\000r\000t\000h\000i\000n\000e\000s\000s\000\040\000C\000o\000m\000p\000l\000i\000a\000n\000c\000e}{section.8.2}% 198
\BOOKMARK [2][-]{subsection.8.2.2}{\376\377\000R\000e\000q\000u\000i\000r\000e\000d\000\040\000D\000o\000c\000u\000m\000e\000n\000t\000a\000t\000i\000o\000n}{section.8.2}% 199
\BOOKMARK [2][-]{subsection.8.2.3}{\376\377\000C\000o\000n\000t\000i\000n\000u\000i\000n\000g\000\040\000A\000i\000r\000w\000o\000r\000t\000h\000i\000n\000e\000s\000s}{section.8.2}% 200
\BOOKMARK [2][-]{subsection.8.2.4}{\376\377\000O\000p\000e\000r\000a\000t\000i\000o\000n\000a\000l\000\040\000L\000i\000m\000i\000t\000a\000t\000i\000o\000n\000s}{section.8.2}% 201
\BOOKMARK [1][-]{section.8.3}{\376\377\000E\000l\000e\000c\000t\000r\000o\000m\000a\000g\000n\000e\000t\000i\000c\000\040\000C\000o\000m\000p\000a\000t\000i\000b\000i\000l\000i\000t\000y\000\040\000R\000e\000q\000u\000i\000r\000e\000m\000e\000n\000t\000s}{chapter.8}% 202
\BOOKMARK [2][-]{subsection.8.3.1}{\376\377\000E\000M\000C\000\040\000S\000t\000a\000n\000d\000a\000r\000d\000s\000\040\000C\000o\000m\000p\000l\000i\000a\000n\000c\000e}{section.8.3}% 203
\BOOKMARK [2][-]{subsection.8.3.2}{\376\377\000E\000M\000C\000\040\000T\000e\000s\000t\000\040\000C\000a\000t\000e\000g\000o\000r\000i\000e\000s}{section.8.3}% 204
\BOOKMARK [2][-]{subsection.8.3.3}{\376\377\000I\000n\000s\000t\000a\000l\000l\000a\000t\000i\000o\000n\000\040\000R\000e\000q\000u\000i\000r\000e\000m\000e\000n\000t\000s\000\040\000f\000o\000r\000\040\000E\000M\000C}{section.8.3}% 205
\BOOKMARK [2][-]{subsection.8.3.4}{\376\377\000E\000M\000I\000/\000E\000M\000C\000\040\000T\000r\000o\000u\000b\000l\000e\000s\000h\000o\000o\000t\000i\000n\000g}{section.8.3}% 206
\BOOKMARK [1][-]{section.8.4}{\376\377\000E\000n\000v\000i\000r\000o\000n\000m\000e\000n\000t\000a\000l\000\040\000T\000e\000s\000t\000i\000n\000g}{chapter.8}% 207
\BOOKMARK [2][-]{subsection.8.4.1}{\376\377\000D\000O\000-\0001\0006\0000\000G\000\040\000E\000n\000v\000i\000r\000o\000n\000m\000e\000n\000t\000a\000l\000\040\000Q\000u\000a\000l\000i\000f\000i\000c\000a\000t\000i\000o\000n}{section.8.4}% 208
\BOOKMARK [2][-]{subsection.8.4.2}{\376\377\000O\000p\000e\000r\000a\000t\000i\000n\000g\000\040\000E\000n\000v\000i\000r\000o\000n\000m\000e\000n\000t\000\040\000L\000i\000m\000i\000t\000a\000t\000i\000o\000n\000s}{section.8.4}% 209
\BOOKMARK [2][-]{subsection.8.4.3}{\376\377\000F\000l\000u\000i\000d\000\040\000S\000u\000s\000c\000e\000p\000t\000i\000b\000i\000l\000i\000t\000y}{section.8.4}% 210
\BOOKMARK [2][-]{subsection.8.4.4}{\376\377\000E\000n\000v\000i\000r\000o\000n\000m\000e\000n\000t\000a\000l\000\040\000M\000a\000i\000n\000t\000e\000n\000a\000n\000c\000e\000\040\000C\000o\000n\000s\000i\000d\000e\000r\000a\000t\000i\000o\000n\000s}{section.8.4}% 211
\BOOKMARK [1][-]{section.8.5}{\376\377\000Q\000u\000a\000l\000i\000t\000y\000\040\000a\000n\000d\000\040\000S\000a\000f\000e\000t\000y\000\040\000S\000t\000a\000n\000d\000a\000r\000d\000s}{chapter.8}% 212
\BOOKMARK [2][-]{subsection.8.5.1}{\376\377\000D\000e\000s\000i\000g\000n\000\040\000A\000s\000s\000u\000r\000a\000n\000c\000e\000\040\000L\000e\000v\000e\000l}{section.8.5}% 213
\BOOKMARK [2][-]{subsection.8.5.2}{\376\377\000F\000u\000n\000c\000t\000i\000o\000n\000a\000l\000\040\000H\000a\000z\000a\000r\000d\000\040\000A\000s\000s\000e\000s\000s\000m\000e\000n\000t}{section.8.5}% 214
\BOOKMARK [2][-]{subsection.8.5.3}{\376\377\000Q\000u\000a\000l\000i\000t\000y\000\040\000M\000a\000n\000a\000g\000e\000m\000e\000n\000t\000\040\000S\000y\000s\000t\000e\000m}{section.8.5}% 215
\BOOKMARK [2][-]{subsection.8.5.4}{\376\377\000C\000o\000n\000f\000i\000g\000u\000r\000a\000t\000i\000o\000n\000\040\000M\000a\000n\000a\000g\000e\000m\000e\000n\000t}{section.8.5}% 216
\BOOKMARK [1][-]{section.8.6}{\376\377\000C\000o\000m\000p\000l\000i\000a\000n\000c\000e\000\040\000D\000o\000c\000u\000m\000e\000n\000t\000s}{chapter.8}% 217
\BOOKMARK [2][-]{subsection.8.6.1}{\376\377\000R\000e\000q\000u\000i\000r\000e\000d\000\040\000D\000o\000c\000u\000m\000e\000n\000t\000a\000t\000i\000o\000n}{section.8.6}% 218
\BOOKMARK [2][-]{subsection.8.6.2}{\376\377\000T\000e\000c\000h\000n\000i\000c\000a\000l\000\040\000S\000t\000a\000n\000d\000a\000r\000d\000\040\000O\000r\000d\000e\000r\000\040\000A\000u\000t\000h\000o\000r\000i\000z\000a\000t\000i\000o\000n}{section.8.6}% 219
\BOOKMARK [2][-]{subsection.8.6.3}{\376\377\000C\000o\000m\000p\000l\000i\000a\000n\000c\000e\000\040\000M\000e\000t\000h\000o\000d\000s}{section.8.6}% 220
\BOOKMARK [2][-]{subsection.8.6.4}{\376\377\000R\000e\000q\000u\000i\000r\000e\000d\000\040\000M\000a\000r\000k\000i\000n\000g\000s}{section.8.6}% 221
\BOOKMARK [2][-]{subsection.8.6.5}{\376\377\000I\000n\000s\000t\000a\000l\000l\000e\000r\000\040\000R\000e\000s\000p\000o\000n\000s\000i\000b\000i\000l\000i\000t\000i\000e\000s}{section.8.6}% 222
\BOOKMARK [2][-]{subsection.8.6.6}{\376\377\000R\000e\000g\000u\000l\000a\000t\000o\000r\000y\000\040\000C\000o\000n\000t\000a\000c\000t\000s}{section.8.6}% 223
\BOOKMARK [0][-]{chapter.9}{\376\377\000S\000p\000a\000r\000e\000\040\000P\000a\000r\000t\000s\000\040\000a\000n\000d\000\040\000L\000o\000g\000i\000s\000t\000i\000c\000s}{}% 224
\BOOKMARK [1][-]{section.9.1}{\376\377\000S\000p\000a\000r\000e\000\040\000P\000a\000r\000t\000s\000\040\000C\000a\000t\000a\000l\000o\000g}{chapter.9}% 225
\BOOKMARK [2][-]{subsection.9.1.1}{\376\377\000C\000r\000i\000t\000i\000c\000a\000l\000\040\000C\000o\000m\000p\000o\000n\000e\000n\000t\000s}{section.9.1}% 226
\BOOKMARK [2][-]{subsection.9.1.2}{\376\377\000N\000o\000n\000-\000C\000r\000i\000t\000i\000c\000a\000l\000\040\000C\000o\000m\000p\000o\000n\000e\000n\000t\000s}{section.9.1}% 227
\BOOKMARK [2][-]{subsection.9.1.3}{\376\377\000C\000o\000n\000s\000u\000m\000a\000b\000l\000e\000s\000\040\000a\000n\000d\000\040\000H\000a\000r\000d\000w\000a\000r\000e}{section.9.1}% 228
\BOOKMARK [2][-]{subsection.9.1.4}{\376\377\000S\000p\000e\000c\000i\000a\000l\000\040\000T\000o\000o\000l\000s}{section.9.1}% 229
\BOOKMARK [1][-]{section.9.2}{\376\377\000P\000a\000r\000t\000\040\000N\000u\000m\000b\000e\000r\000s}{chapter.9}% 230
\BOOKMARK [2][-]{subsection.9.2.1}{\376\377\000P\000a\000r\000t\000\040\000N\000u\000m\000b\000e\000r\000i\000n\000g\000\040\000S\000y\000s\000t\000e\000m}{section.9.2}% 231
\BOOKMARK [2][-]{subsection.9.2.2}{\376\377\000R\000e\000v\000i\000s\000i\000o\000n\000\040\000C\000o\000n\000t\000r\000o\000l}{section.9.2}% 232
\BOOKMARK [2][-]{subsection.9.2.3}{\376\377\000C\000r\000o\000s\000s\000-\000R\000e\000f\000e\000r\000e\000n\000c\000e\000\040\000T\000a\000b\000l\000e\000s}{section.9.2}% 233
\BOOKMARK [1][-]{section.9.3}{\376\377\000O\000r\000d\000e\000r\000i\000n\000g\000\040\000P\000r\000o\000c\000e\000d\000u\000r\000e\000s}{chapter.9}% 234
\BOOKMARK [2][-]{subsection.9.3.1}{\376\377\000S\000t\000a\000n\000d\000a\000r\000d\000\040\000O\000r\000d\000e\000r\000i\000n\000g\000\040\000P\000r\000o\000c\000e\000s\000s}{section.9.3}% 235
\BOOKMARK [2][-]{subsection.9.3.2}{\376\377\000A\000O\000G\000\040\000\050\000A\000i\000r\000c\000r\000a\000f\000t\000\040\000O\000n\000\040\000G\000r\000o\000u\000n\000d\000\051\000\040\000E\000x\000p\000e\000d\000i\000t\000e\000d\000\040\000O\000r\000d\000e\000r\000s}{section.9.3}% 236
\BOOKMARK [2][-]{subsection.9.3.3}{\376\377\000O\000r\000d\000e\000r\000\040\000L\000e\000a\000d\000\040\000T\000i\000m\000e\000s}{section.9.3}% 237
\BOOKMARK [2][-]{subsection.9.3.4}{\376\377\000M\000i\000n\000i\000m\000u\000m\000\040\000O\000r\000d\000e\000r\000\040\000Q\000u\000a\000n\000t\000i\000t\000i\000e\000s}{section.9.3}% 238
\BOOKMARK [1][-]{section.9.4}{\376\377\000S\000t\000o\000r\000a\000g\000e\000\040\000P\000e\000r\000i\000o\000d\000s\000\040\000a\000n\000d\000\040\000W\000a\000r\000e\000h\000o\000u\000s\000i\000n\000g}{chapter.9}% 239
\BOOKMARK [2][-]{subsection.9.4.1}{\376\377\000S\000h\000e\000l\000f\000\040\000L\000i\000f\000e\000\040\000L\000i\000m\000i\000t\000a\000t\000i\000o\000n\000s}{section.9.4}% 240
\BOOKMARK [2][-]{subsection.9.4.2}{\376\377\000S\000t\000o\000r\000a\000g\000e\000\040\000C\000o\000n\000d\000i\000t\000i\000o\000n\000s}{section.9.4}% 241
\BOOKMARK [2][-]{subsection.9.4.3}{\376\377\000I\000n\000v\000e\000n\000t\000o\000r\000y\000\040\000M\000a\000n\000a\000g\000e\000m\000e\000n\000t}{section.9.4}% 242
\BOOKMARK [1][-]{section.9.5}{\376\377\000P\000r\000e\000s\000e\000r\000v\000a\000t\000i\000o\000n\000\040\000D\000u\000r\000i\000n\000g\000\040\000S\000t\000o\000r\000a\000g\000e}{chapter.9}% 243
\BOOKMARK [2][-]{subsection.9.5.1}{\376\377\000C\000o\000r\000r\000o\000s\000i\000o\000n\000\040\000P\000r\000e\000v\000e\000n\000t\000i\000o\000n}{section.9.5}% 244
\BOOKMARK [2][-]{subsection.9.5.2}{\376\377\000P\000e\000r\000i\000o\000d\000i\000c\000\040\000I\000n\000s\000p\000e\000c\000t\000i\000o\000n\000\040\000a\000n\000d\000\040\000M\000a\000i\000n\000t\000e\000n\000a\000n\000c\000e}{section.9.5}% 245
\BOOKMARK [2][-]{subsection.9.5.3}{\376\377\000L\000o\000n\000g\000-\000T\000e\000r\000m\000\040\000S\000t\000o\000r\000a\000g\000e\000\040\000P\000r\000o\000c\000e\000d\000u\000r\000e\000s}{section.9.5}% 246
\BOOKMARK [1][-]{section.9.6}{\376\377\000P\000a\000r\000t\000s\000\040\000a\000n\000d\000\040\000C\000o\000m\000p\000o\000n\000e\000n\000t\000s\000\040\000I\000d\000e\000n\000t\000i\000f\000i\000c\000a\000t\000i\000o\000n}{chapter.9}% 247
\BOOKMARK [2][-]{subsection.9.6.1}{\376\377\000M\000a\000r\000k\000i\000n\000g\000\040\000a\000n\000d\000\040\000L\000a\000b\000e\000l\000i\000n\000g}{section.9.6}% 248
\BOOKMARK [2][-]{subsection.9.6.2}{\376\377\000C\000o\000u\000n\000t\000e\000r\000f\000e\000i\000t\000\040\000P\000a\000r\000t\000s\000\040\000P\000r\000e\000v\000e\000n\000t\000i\000o\000n}{section.9.6}% 249
\BOOKMARK [2][-]{subsection.9.6.3}{\376\377\000D\000o\000c\000u\000m\000e\000n\000t\000a\000t\000i\000o\000n\000\040\000R\000e\000q\000u\000i\000r\000e\000m\000e\000n\000t\000s}{section.9.6}% 250
\BOOKMARK [0][-]{chapter.10}{\376\377\000M\000o\000d\000i\000f\000i\000c\000a\000t\000i\000o\000n\000s\000\040\000a\000n\000d\000\040\000U\000p\000d\000a\000t\000e\000s}{}% 251
\BOOKMARK [1][-]{section.10.1}{\376\377\000M\000o\000d\000i\000f\000i\000c\000a\000t\000i\000o\000n\000\040\000H\000i\000s\000t\000o\000r\000y}{chapter.10}% 252
\BOOKMARK [2][-]{subsection.10.1.1}{\376\377\000S\000y\000s\000t\000e\000m\000\040\000R\000e\000v\000i\000s\000i\000o\000n\000\040\000H\000i\000s\000t\000o\000r\000y}{section.10.1}% 253
\BOOKMARK [2][-]{subsection.10.1.2}{\376\377\000H\000a\000r\000d\000w\000a\000r\000e\000\040\000M\000o\000d\000i\000f\000i\000c\000a\000t\000i\000o\000n\000\040\000P\000a\000c\000k\000a\000g\000e\000s}{section.10.1}% 254
\BOOKMARK [2][-]{subsection.10.1.3}{\376\377\000I\000n\000t\000e\000r\000c\000h\000a\000n\000g\000e\000a\000b\000i\000l\000i\000t\000y\000\040\000a\000n\000d\000\040\000C\000o\000m\000p\000a\000t\000i\000b\000i\000l\000i\000t\000y}{section.10.1}% 255
\BOOKMARK [1][-]{section.10.2}{\376\377\000S\000o\000f\000t\000w\000a\000r\000e\000\040\000U\000p\000d\000a\000t\000e\000\040\000P\000r\000o\000c\000e\000d\000u\000r\000e\000s}{chapter.10}% 256
\BOOKMARK [2][-]{subsection.10.2.1}{\376\377\000S\000o\000f\000t\000w\000a\000r\000e\000\040\000V\000e\000r\000s\000i\000o\000n\000s}{section.10.2}% 257
\BOOKMARK [2][-]{subsection.10.2.2}{\376\377\000U\000p\000d\000a\000t\000e\000\040\000M\000e\000t\000h\000o\000d\000s}{section.10.2}% 258
\BOOKMARK [2][-]{subsection.10.2.3}{\376\377\000U\000p\000d\000a\000t\000e\000\040\000V\000e\000r\000i\000f\000i\000c\000a\000t\000i\000o\000n}{section.10.2}% 259
\BOOKMARK [2][-]{subsection.10.2.4}{\376\377\000R\000e\000v\000e\000r\000s\000i\000o\000n\000\040\000P\000r\000o\000c\000e\000d\000u\000r\000e}{section.10.2}% 260
\BOOKMARK [1][-]{section.10.3}{\376\377\000S\000e\000r\000v\000i\000c\000e\000\040\000B\000u\000l\000l\000e\000t\000i\000n\000s}{chapter.10}% 261
\BOOKMARK [2][-]{subsection.10.3.1}{\376\377\000S\000e\000r\000v\000i\000c\000e\000\040\000B\000u\000l\000l\000e\000t\000i\000n\000\040\000C\000l\000a\000s\000s\000i\000f\000i\000c\000a\000t\000i\000o\000n}{section.10.3}% 262
\BOOKMARK [2][-]{subsection.10.3.2}{\376\377\000C\000u\000r\000r\000e\000n\000t\000\040\000S\000e\000r\000v\000i\000c\000e\000\040\000B\000u\000l\000l\000e\000t\000i\000n\000s}{section.10.3}% 263
\BOOKMARK [2][-]{subsection.10.3.3}{\376\377\000S\000e\000r\000v\000i\000c\000e\000\040\000B\000u\000l\000l\000e\000t\000i\000n\000\040\000I\000m\000p\000l\000e\000m\000e\000n\000t\000a\000t\000i\000o\000n}{section.10.3}% 264
\BOOKMARK [1][-]{section.10.4}{\376\377\000A\000i\000r\000w\000o\000r\000t\000h\000i\000n\000e\000s\000s\000\040\000D\000i\000r\000e\000c\000t\000i\000v\000e\000s}{chapter.10}% 265
\BOOKMARK [2][-]{subsection.10.4.1}{\376\377\000A\000D\000\040\000C\000o\000m\000p\000l\000i\000a\000n\000c\000e}{section.10.4}% 266
\BOOKMARK [2][-]{subsection.10.4.2}{\376\377\000C\000u\000r\000r\000e\000n\000t\000\040\000A\000i\000r\000w\000o\000r\000t\000h\000i\000n\000e\000s\000s\000\040\000D\000i\000r\000e\000c\000t\000i\000v\000e\000s}{section.10.4}% 267
\BOOKMARK [2][-]{subsection.10.4.3}{\376\377\000A\000D\000\040\000I\000m\000p\000l\000e\000m\000e\000n\000t\000a\000t\000i\000o\000n\000\040\000V\000e\000r\000i\000f\000i\000c\000a\000t\000i\000o\000n}{section.10.4}% 268
\BOOKMARK [1][-]{section.10.5}{\376\377\000C\000h\000a\000n\000g\000e\000\040\000I\000m\000p\000l\000e\000m\000e\000n\000t\000a\000t\000i\000o\000n\000\040\000P\000r\000o\000c\000e\000s\000s}{chapter.10}% 269
\BOOKMARK [2][-]{subsection.10.5.1}{\376\377\000C\000h\000a\000n\000g\000e\000\040\000P\000l\000a\000n\000n\000i\000n\000g}{section.10.5}% 270
\BOOKMARK [2][-]{subsection.10.5.2}{\376\377\000C\000h\000a\000n\000g\000e\000\040\000I\000m\000p\000l\000e\000m\000e\000n\000t\000a\000t\000i\000o\000n}{section.10.5}% 271
\BOOKMARK [2][-]{subsection.10.5.3}{\376\377\000P\000o\000s\000t\000-\000C\000h\000a\000n\000g\000e\000\040\000A\000c\000t\000i\000v\000i\000t\000i\000e\000s}{section.10.5}% 272
\BOOKMARK [1][-]{section.10.6}{\376\377\000C\000h\000a\000n\000g\000e\000\040\000D\000o\000c\000u\000m\000e\000n\000t\000a\000t\000i\000o\000n}{chapter.10}% 273
\BOOKMARK [2][-]{subsection.10.6.1}{\376\377\000R\000e\000q\000u\000i\000r\000e\000d\000\040\000D\000o\000c\000u\000m\000e\000n\000t\000a\000t\000i\000o\000n}{section.10.6}% 274
\BOOKMARK [2][-]{subsection.10.6.2}{\376\377\000D\000o\000c\000u\000m\000e\000n\000t\000a\000t\000i\000o\000n\000\040\000R\000e\000t\000e\000n\000t\000i\000o\000n}{section.10.6}% 275
\BOOKMARK [2][-]{subsection.10.6.3}{\376\377\000E\000l\000e\000c\000t\000r\000o\000n\000i\000c\000\040\000D\000o\000c\000u\000m\000e\000n\000t\000a\000t\000i\000o\000n}{section.10.6}% 276
\BOOKMARK [2][-]{subsection.10.6.4}{\376\377\000C\000o\000n\000f\000i\000g\000u\000r\000a\000t\000i\000o\000n\000\040\000M\000a\000n\000a\000g\000e\000m\000e\000n\000t\000\040\000D\000a\000t\000a\000b\000a\000s\000e}{section.10.6}% 277
\BOOKMARK [0][-]{chapter.11}{\376\377\000T\000r\000a\000i\000n\000i\000n\000g}{}% 278
\BOOKMARK [1][-]{section.11.1}{\376\377\000T\000r\000a\000i\000n\000i\000n\000g\000\040\000R\000e\000q\000u\000i\000r\000e\000m\000e\000n\000t\000s\000\040\000f\000o\000r\000\040\000M\000a\000i\000n\000t\000e\000n\000a\000n\000c\000e\000\040\000P\000e\000r\000s\000o\000n\000n\000e\000l}{chapter.11}% 279
\BOOKMARK [2][-]{subsection.11.1.1}{\376\377\000Q\000u\000a\000l\000i\000f\000i\000c\000a\000t\000i\000o\000n\000\040\000L\000e\000v\000e\000l\000s}{section.11.1}% 280
\BOOKMARK [2][-]{subsection.11.1.2}{\376\377\000P\000r\000e\000r\000e\000q\000u\000i\000s\000i\000t\000e\000s}{section.11.1}% 281
\BOOKMARK [2][-]{subsection.11.1.3}{\376\377\000R\000e\000q\000u\000i\000r\000e\000d\000\040\000T\000r\000a\000i\000n\000i\000n\000g}{section.11.1}% 282
\BOOKMARK [2][-]{subsection.11.1.4}{\376\377\000R\000e\000c\000u\000r\000r\000e\000n\000t\000\040\000T\000r\000a\000i\000n\000i\000n\000g}{section.11.1}% 283
\BOOKMARK [1][-]{section.11.2}{\376\377\000T\000r\000a\000i\000n\000i\000n\000g\000\040\000R\000e\000q\000u\000i\000r\000e\000m\000e\000n\000t\000s\000\040\000f\000o\000r\000\040\000F\000l\000i\000g\000h\000t\000\040\000C\000r\000e\000w}{chapter.11}% 284
\BOOKMARK [2][-]{subsection.11.2.1}{\376\377\000I\000n\000i\000t\000i\000a\000l\000\040\000T\000r\000a\000i\000n\000i\000n\000g}{section.11.2}% 285
\BOOKMARK [2][-]{subsection.11.2.2}{\376\377\000D\000i\000f\000f\000e\000r\000e\000n\000c\000e\000s\000\040\000T\000r\000a\000i\000n\000i\000n\000g}{section.11.2}% 286
\BOOKMARK [2][-]{subsection.11.2.3}{\376\377\000R\000e\000c\000u\000r\000r\000e\000n\000t\000\040\000T\000r\000a\000i\000n\000i\000n\000g}{section.11.2}% 287
\BOOKMARK [1][-]{section.11.3}{\376\377\000T\000r\000a\000i\000n\000i\000n\000g\000\040\000M\000a\000t\000e\000r\000i\000a\000l\000s}{chapter.11}% 288
\BOOKMARK [2][-]{subsection.11.3.1}{\376\377\000I\000n\000s\000t\000r\000u\000c\000t\000o\000r\000\040\000M\000a\000t\000e\000r\000i\000a\000l\000s}{section.11.3}% 289
\BOOKMARK [2][-]{subsection.11.3.2}{\376\377\000S\000t\000u\000d\000e\000n\000t\000\040\000M\000a\000t\000e\000r\000i\000a\000l\000s}{section.11.3}% 290
\BOOKMARK [2][-]{subsection.11.3.3}{\376\377\000T\000r\000a\000i\000n\000i\000n\000g\000\040\000A\000i\000d\000s}{section.11.3}% 291
\BOOKMARK [1][-]{section.11.4}{\376\377\000T\000r\000a\000i\000n\000i\000n\000g\000\040\000P\000r\000o\000g\000r\000a\000m\000s}{chapter.11}% 292
\BOOKMARK [2][-]{subsection.11.4.1}{\376\377\000F\000a\000c\000t\000o\000r\000y\000\040\000T\000r\000a\000i\000n\000i\000n\000g}{section.11.4}% 293
\BOOKMARK [2][-]{subsection.11.4.2}{\376\377\000O\000n\000-\000S\000i\000t\000e\000\040\000T\000r\000a\000i\000n\000i\000n\000g}{section.11.4}% 294
\BOOKMARK [2][-]{subsection.11.4.3}{\376\377\000D\000i\000s\000t\000a\000n\000c\000e\000\040\000L\000e\000a\000r\000n\000i\000n\000g}{section.11.4}% 295
\BOOKMARK [2][-]{subsection.11.4.4}{\376\377\000T\000r\000a\000i\000n\000i\000n\000g\000\040\000E\000f\000f\000e\000c\000t\000i\000v\000e\000n\000e\000s\000s}{section.11.4}% 296
\BOOKMARK [1][-]{section.11.5}{\376\377\000P\000e\000r\000s\000o\000n\000n\000e\000l\000\040\000C\000e\000r\000t\000i\000f\000i\000c\000a\000t\000i\000o\000n}{chapter.11}% 297
\BOOKMARK [2][-]{subsection.11.5.1}{\376\377\000C\000e\000r\000t\000i\000f\000i\000c\000a\000t\000i\000o\000n\000\040\000P\000r\000o\000c\000e\000s\000s}{section.11.5}% 298
\BOOKMARK [2][-]{subsection.11.5.2}{\376\377\000C\000e\000r\000t\000i\000f\000i\000c\000a\000t\000i\000o\000n\000\040\000L\000e\000v\000e\000l\000s}{section.11.5}% 299
\BOOKMARK [2][-]{subsection.11.5.3}{\376\377\000C\000e\000r\000t\000i\000f\000i\000c\000a\000t\000i\000o\000n\000\040\000R\000e\000n\000e\000w\000a\000l}{section.11.5}% 300
\BOOKMARK [2][-]{subsection.11.5.4}{\376\377\000C\000e\000r\000t\000i\000f\000i\000c\000a\000t\000i\000o\000n\000\040\000V\000e\000r\000i\000f\000i\000c\000a\000t\000i\000o\000n}{section.11.5}% 301
\BOOKMARK [2][-]{subsection.11.5.5}{\376\377\000R\000e\000c\000o\000r\000d\000s\000\040\000M\000a\000i\000n\000t\000e\000n\000a\000n\000c\000e}{section.11.5}% 302
\BOOKMARK [0][-]{chapter.12}{\376\377\000A\000p\000p\000e\000n\000d\000i\000c\000e\000s}{}% 303
\BOOKMARK [1][-]{section.12.1}{\376\377\000F\000a\000c\000t\000o\000r\000y\000\040\000T\000e\000s\000t\000\040\000P\000r\000o\000t\000o\000c\000o\000l\000s}{chapter.12}% 304
\BOOKMARK [2][-]{subsection.12.1.1}{\376\377\000A\000c\000c\000e\000p\000t\000a\000n\000c\000e\000\040\000T\000e\000s\000t\000\040\000P\000r\000o\000c\000e\000d\000u\000r\000e}{section.12.1}% 305
\BOOKMARK [2][-]{subsection.12.1.2}{\376\377\000T\000e\000s\000t\000\040\000E\000q\000u\000i\000p\000m\000e\000n\000t}{section.12.1}% 306
\BOOKMARK [2][-]{subsection.12.1.3}{\376\377\000T\000e\000s\000t\000\040\000D\000a\000t\000a\000\040\000S\000h\000e\000e\000t\000s}{section.12.1}% 307
\BOOKMARK [2][-]{subsection.12.1.4}{\376\377\000S\000a\000m\000p\000l\000e\000\040\000F\000a\000c\000t\000o\000r\000y\000\040\000T\000e\000s\000t\000\040\000R\000e\000p\000o\000r\000t}{section.12.1}% 308
\BOOKMARK [1][-]{section.12.2}{\376\377\000C\000e\000r\000t\000i\000f\000i\000c\000a\000t\000e\000s\000\040\000a\000n\000d\000\040\000W\000a\000r\000r\000a\000n\000t\000i\000e\000s}{chapter.12}% 309
\BOOKMARK [2][-]{subsection.12.2.1}{\376\377\000S\000u\000p\000p\000l\000i\000e\000d\000\040\000C\000e\000r\000t\000i\000f\000i\000c\000a\000t\000e\000s}{section.12.2}% 310
\BOOKMARK [2][-]{subsection.12.2.2}{\376\377\000W\000a\000r\000r\000a\000n\000t\000y\000\040\000C\000o\000v\000e\000r\000a\000g\000e}{section.12.2}% 311
\BOOKMARK [2][-]{subsection.12.2.3}{\376\377\000W\000a\000r\000r\000a\000n\000t\000y\000\040\000C\000l\000a\000i\000m\000\040\000P\000r\000o\000c\000e\000d\000u\000r\000e}{section.12.2}% 312
\BOOKMARK [2][-]{subsection.12.2.4}{\376\377\000S\000a\000m\000p\000l\000e\000\040\000W\000a\000r\000r\000a\000n\000t\000y\000\040\000C\000e\000r\000t\000i\000f\000i\000c\000a\000t\000e}{section.12.2}% 313
\BOOKMARK [1][-]{section.12.3}{\376\377\000C\000o\000n\000t\000r\000o\000l\000\040\000F\000o\000r\000m\000s}{chapter.12}% 314
\BOOKMARK [2][-]{subsection.12.3.1}{\376\377\000I\000n\000s\000t\000a\000l\000l\000a\000t\000i\000o\000n\000\040\000F\000o\000r\000m\000s}{section.12.3}% 315
\BOOKMARK [2][-]{subsection.12.3.2}{\376\377\000M\000a\000i\000n\000t\000e\000n\000a\000n\000c\000e\000\040\000F\000o\000r\000m\000s}{section.12.3}% 316
\BOOKMARK [2][-]{subsection.12.3.3}{\376\377\000T\000r\000o\000u\000b\000l\000e\000s\000h\000o\000o\000t\000i\000n\000g\000\040\000F\000o\000r\000m\000s}{section.12.3}% 317
\BOOKMARK [2][-]{subsection.12.3.4}{\376\377\000C\000o\000n\000f\000i\000g\000u\000r\000a\000t\000i\000o\000n\000\040\000a\000n\000d\000\040\000U\000p\000d\000a\000t\000e\000\040\000F\000o\000r\000m\000s}{section.12.3}% 318
\BOOKMARK [2][-]{subsection.12.3.5}{\376\377\000S\000a\000m\000p\000l\000e\000\040\000C\000o\000n\000t\000r\000o\000l\000\040\000F\000o\000r\000m}{section.12.3}% 319
\BOOKMARK [1][-]{section.12.4}{\376\377\000D\000e\000t\000a\000i\000l\000e\000d\000\040\000T\000e\000c\000h\000n\000i\000c\000a\000l\000\040\000D\000r\000a\000w\000i\000n\000g\000s}{chapter.12}% 320
\BOOKMARK [1][-]{section.12.5}{\376\377\000R\000e\000f\000e\000r\000e\000n\000c\000e\000\040\000D\000a\000t\000a\000\040\000T\000a\000b\000l\000e\000s}{chapter.12}% 321
\BOOKMARK [1][-]{section.12.6}{\376\377\000I\000n\000d\000e\000x}{chapter.12}% 322
\BOOKMARK [0][-]{chapter.13}{\376\377\000O\000p\000e\000r\000a\000t\000i\000o\000n\000a\000l\000\040\000P\000r\000o\000c\000e\000d\000u\000r\000e\000s}{}% 323
\BOOKMARK [1][-]{section.13.1}{\376\377\000N\000o\000r\000m\000a\000l\000\040\000O\000p\000e\000r\000a\000t\000i\000o\000n}{chapter.13}% 324
\BOOKMARK [2][-]{subsection.13.1.1}{\376\377\000P\000r\000e\000-\000F\000l\000i\000g\000h\000t\000\040\000C\000h\000e\000c\000k\000s}{section.13.1}% 325
\BOOKMARK [2][-]{subsection.13.1.2}{\376\377\000T\000a\000k\000e\000o\000f\000f\000\040\000P\000r\000o\000c\000e\000d\000u\000r\000e\000s}{section.13.1}% 326
\BOOKMARK [2][-]{subsection.13.1.3}{\376\377\000F\000l\000i\000g\000h\000t\000\040\000O\000p\000e\000r\000a\000t\000i\000o\000n}{section.13.1}% 327
\BOOKMARK [2][-]{subsection.13.1.4}{\376\377\000L\000a\000n\000d\000i\000n\000g\000\040\000P\000r\000o\000c\000e\000d\000u\000r\000e\000s}{section.13.1}% 328
\BOOKMARK [2][-]{subsection.13.1.5}{\376\377\000P\000o\000s\000t\000-\000F\000l\000i\000g\000h\000t\000\040\000P\000r\000o\000c\000e\000d\000u\000r\000e\000s}{section.13.1}% 329
\BOOKMARK [1][-]{section.13.2}{\376\377\000E\000m\000e\000r\000g\000e\000n\000c\000y\000\040\000P\000r\000o\000c\000e\000d\000u\000r\000e\000s}{chapter.13}% 330
\BOOKMARK [2][-]{subsection.13.2.1}{\376\377\000G\000e\000a\000r\000\040\000F\000a\000i\000l\000u\000r\000e\000\040\000t\000o\000\040\000E\000x\000t\000e\000n\000d}{section.13.2}% 331
\BOOKMARK [2][-]{subsection.13.2.2}{\376\377\000G\000e\000a\000r\000\040\000F\000a\000i\000l\000u\000r\000e\000\040\000t\000o\000\040\000R\000e\000t\000r\000a\000c\000t}{section.13.2}% 332
\BOOKMARK [2][-]{subsection.13.2.3}{\376\377\000W\000a\000t\000e\000r\000\040\000D\000e\000t\000e\000c\000t\000i\000o\000n\000\040\000S\000y\000s\000t\000e\000m\000\040\000F\000a\000i\000l\000u\000r\000e}{section.13.2}% 333
\BOOKMARK [2][-]{subsection.13.2.4}{\376\377\000C\000o\000n\000t\000r\000o\000l\000\040\000S\000y\000s\000t\000e\000m\000\040\000F\000a\000i\000l\000u\000r\000e}{section.13.2}% 334
\BOOKMARK [1][-]{section.13.3}{\376\377\000A\000b\000n\000o\000r\000m\000a\000l\000\040\000P\000r\000o\000c\000e\000d\000u\000r\000e\000s}{chapter.13}% 335
\BOOKMARK [2][-]{subsection.13.3.1}{\376\377\000P\000a\000r\000t\000i\000a\000l\000\040\000G\000e\000a\000r\000\040\000E\000x\000t\000e\000n\000s\000i\000o\000n\000/\000R\000e\000t\000r\000a\000c\000t\000i\000o\000n}{section.13.3}% 336
\BOOKMARK [2][-]{subsection.13.3.2}{\376\377\000W\000a\000t\000e\000r\000\040\000O\000p\000e\000r\000a\000t\000i\000o\000n\000\040\000i\000n\000\040\000F\000r\000e\000e\000z\000i\000n\000g\000\040\000C\000o\000n\000d\000i\000t\000i\000o\000n\000s}{section.13.3}% 337
\BOOKMARK [2][-]{subsection.13.3.3}{\376\377\000O\000v\000e\000r\000w\000e\000i\000g\000h\000t\000\040\000L\000a\000n\000d\000i\000n\000g}{section.13.3}% 338
\BOOKMARK [2][-]{subsection.13.3.4}{\376\377\000A\000b\000n\000o\000r\000m\000a\000l\000\040\000V\000i\000b\000r\000a\000t\000i\000o\000n}{section.13.3}% 339
\BOOKMARK [1][-]{section.13.4}{\376\377\000O\000p\000e\000r\000a\000t\000i\000o\000n\000a\000l\000\040\000L\000i\000m\000i\000t\000a\000t\000i\000o\000n\000s}{chapter.13}% 340
\BOOKMARK [2][-]{subsection.13.4.1}{\376\377\000S\000p\000e\000e\000d\000\040\000L\000i\000m\000i\000t\000a\000t\000i\000o\000n\000s}{section.13.4}% 341
\BOOKMARK [2][-]{subsection.13.4.2}{\376\377\000E\000n\000v\000i\000r\000o\000n\000m\000e\000n\000t\000a\000l\000\040\000L\000i\000m\000i\000t\000a\000t\000i\000o\000n\000s}{section.13.4}% 342
\BOOKMARK [2][-]{subsection.13.4.3}{\376\377\000S\000y\000s\000t\000e\000m\000\040\000D\000u\000t\000y\000\040\000C\000y\000c\000l\000e}{section.13.4}% 343
\BOOKMARK [1][-]{section.13.5}{\376\377\000S\000p\000e\000c\000i\000a\000l\000\040\000O\000p\000e\000r\000a\000t\000i\000o\000n\000s}{chapter.13}% 344
\BOOKMARK [2][-]{subsection.13.5.1}{\376\377\000T\000r\000a\000i\000n\000i\000n\000g\000\040\000O\000p\000e\000r\000a\000t\000i\000o\000n\000s}{section.13.5}% 345
\BOOKMARK [2][-]{subsection.13.5.2}{\376\377\000W\000i\000n\000t\000e\000r\000\040\000O\000p\000e\000r\000a\000t\000i\000o\000n\000s}{section.13.5}% 346
\BOOKMARK [2][-]{subsection.13.5.3}{\376\377\000S\000a\000l\000t\000\040\000W\000a\000t\000e\000r\000\040\000O\000p\000e\000r\000a\000t\000i\000o\000n\000s}{section.13.5}% 347
\BOOKMARK [2][-]{subsection.13.5.4}{\376\377\000H\000i\000g\000h\000\040\000A\000l\000t\000i\000t\000u\000d\000e\000\040\000O\000p\000e\000r\000a\000t\000i\000o\000n\000s}{section.13.5}% 348
